// Vitest Snapshot v1, https://vitest.dev/guide/snapshot.html

exports[`Notes tab > renders correctly 1`] = `
<div>
  <div
    class="notes"
  >
    <h2>
      Notes
    </h2>
    <div
      class="_editor_1cc5ba"
    >
      <div />
      <div
        class="_editorControls_1cc5ba"
      >
        <button
          class="bg-bg-alt border border-accent rounded-[var(--border-radius)] text-accent cursor-pointer font-body font-bold tracking-wider py-2 px-4 uppercase transition-colors hover:bg-accent hover:text-bg "
          type="button"
        >
          Edit
        </button>
      </div>
    </div>
  </div>
</div>
`;
